n/Pattern_Block_Triangle_Image.png
n/latest.jpg
n/14349817_f520.jpg
n/chart_patterns21.jpg
n/material_rNh4bkxS.png
n/triangles.png
n/quick_tip_css_triangles_1200x520.png
n/how_many_triangles_770_0.jpg
n/Isosceles_triangle.jpg
n/trianlg_logo.png
n/1554608346703.png
n/trivis.png
n/platonicshaded.png
n/ma31peri_e3_f_perimeter_of_triangles_560x792.jpg
n/US120.png
n/triangle_feature.jpg
n/untitled_1.jpg
n/1554608346706.jpg
n/abstract_triangles_png_transparent_image_1.jpg
n/c16nirlo4r.jpg
n/triangles_logo.png
n/equilateral_triangle.png
n/81nb0fle54L._SL1500_.jpg
n/nQ_ToxgJ_400x400.jpg
n/quick_tip_css_triangles.png
n/bg_similartriangles.png
n/triangle_bright_green_grande.png
n/triangles_1.png
n/multicoloured_triangles_room_820x532.jpg
n/abstract_triangles.png
n/51TQqkHMEcL._SY450_.jpg
n/Triangle_Scalene_dzwmq2.jpg
n/brewster_wall_murals_wr50526_64_1000.jpg
n/beautiful_colorful_triangle_background_vector_1035_13260.jpg
n/screen_shot_2018_04_10_at_16_00_05.png
n/typeproptri2.jpg
n/just_triangles_rubbabu_4_1024x1024_2x.jpg
n/12882582_f520.jpg
n/220px_Trigonometry_triangle.svg.png
n/1554608346707.jpg
n/1554608346708.jpg
n/triangle_1024x815.png
n/identify_triangles.png
n/triangles.jpg
n/just_triangles_rubbabu_3_1024x1024.jpg
n/1554608346705.jpg
n/classification_of_triangles_1.jpg
n/maxresdefault.jpg
n/images_171.jpg
n/p061bj1k.jpg
n/Tumbling_Triangles_grande.jpg
n/Traingles.jpg
n/xtypes_triangles_sides_angles.png.pagespeed.ic.LLzsGQR2vg.png
n/TriangleChain.jpg
n/1545817463_Triangle_shape_real_life_things.png
n/Triangle_Equilateral_sxvxkn.jpg
n/1554608346704.jpg
n/image.jpg